2 Jan 2021
the difference between initboot and second boot (mtd3 cutting off 0xf40000 to end): 
1. E:\linkit-smart-7688-uboot\write_mtd\bin_files\big_init.bin_cut_after0xf40000: 15,990,784  
2. E:\linkit-smart-7688-uboot\write_mtd\bin_files\mtd3_1_cut_after0xf40000: 15,990,784  
F20000:	DE	85	F20001:	AD	19	F20002:	C0	03	F20003:	DE	20	F20004:	FF	0C	F20005:	FF	00	F20006:	FF	00	F20007:	FF	00	F20008:	FF	B1	F20009:	FF	B0	F2000A:	FF	1E	F2000B:	FF	E4
F30000:	FF	85	F30001:	FF	19	F30002:	FF	03	F30003:	FF	20	F30004:	FF	0C	F30005:	FF	00	F30006:	FF	00	F30007:	FF	00	F30008:	FF	B1	F30009:	FF	B0	F3000A:	FF	1E	F3000B:	FF	E4
total: 24  

1. E:\linkit-smart-7688-uboot\write_mtd\bin_files\big_init.bin: 15,991,639  
2. E:\linkit-smart-7688-uboot\write_mtd\bin_files\mtd3_1_cut_15991639: 15,991,639  
F20000:	DE	85	F20001:	AD	19	F20002:	C0	03	F20003:	DE	20	F20004:	FF	0C	F20005:	FF	00	F20006:	FF	00	F20007:	FF	00	F20008:	FF	B1	F20009:	FF	B0	F2000A:	FF	1E	F2000B:	FF	E4
F30000:	FF	85	F30001:	FF	19	F30002:	FF	03	F30003:	FF	20	F30004:	FF	0C	F30005:	FF	00	F30006:	FF	00	F30007:	FF	00	F30008:	FF	B1	F30009:	FF	B0	F3000A:	FF	1E	F3000B:	FF	E4
F40000:	DE	85	F40001:	AD	19	F40002:	C0	03	F40003:	DE	20	F40004:	00	0C	F40008:	00	B1	F40009:	00	B0	F4000A:	00	1E	F4000B:	00	E4	F4000C:	7B	FF	F4000D:	20	FF	F4000E:	20	FF
F4000F:	22	FF	F40010:	6D	FF	... ...			F40355:	02	FF	F40356:	14	FF
total: 876 

add additional variable (in mtd8): firstboot_tag (1 or 0), hash_new_firstboot, hash_new_notfirstboot;
NOTE: if update==0, hash_new/hash_new_firstboot is the current hush; if update==1, hash_old is the current hash.
----------------------------------------------------------------------------------------------------
30 Dec 2020
hash all the firmware (from addr_mtd3_0x50000)
init boot: init hash:		26f1473d6edd3f91b071128777dd0408403a3ed0c20ef058a7132ef7f26020ad
second boot/third boot:		63dfbfeb1673f20da71b43fd5f048d22052de9b4a0a6855020f195ac5cb023fa
add a text file and reboot:	63dfbfeb1673f20da71b43fd5f048d22052de9b4a0a6855020f195ac5cb023fa
fill all the memory:		86d4fbf7d4f0246f379e94735a2118c5bb82e002e95858ba829eaad36820e2a4
then firstboot and reboot:	86d4fbf7d4f0246f379e94735a2118c5bb82e002e95858ba829eaad36820e2a4
then add a 2.7MB file:		b8b274f35bf638742630871e19ea35304e5806926aa258e0d4d619852dc3b092

----------------------------------------------------------------------------------------------------
try: hash mtd5 - mtd6 (rootfs - rootfs_data, 0x0000001deeed --- (0x000000f70000 -1)  )
root@OpenWrt:/# cat /proc/mtd
dev:    size   erasesize  name
mtd0: 00030000 00010000 "u-boot"
mtd1: 00010000 00010000 "u-boot-env"
mtd2: 00010000 00010000 "factory"
mtd3: 015b0000 00010000 "firmware"
mtd4: 001df91c 00010000 "kernel"
mtd5: 013d06e4 00010000 "rootfs"
mtd6: 00690000 00010000 "rootfs_data"
mtd7: 009f0000 00010000 "fw-new"
mtd8: 00010000 00010000 "fw-info"

[    0.602068] 0x000000000000-0x000000030000 : "u-boot"
[    0.612984] 0x000000030000-0x000000040000 : "u-boot-env"
[    0.624570] 0x000000040000-0x000000050000 : "factory"
[    0.635777] 0x000000050000-0x000001600000 : "firmware"
[    0.650373] 2 uimage-fw partitions found on MTD device firmware
[    0.662174] Creating 2 MTD partitions on "firmware":
[    0.672026] 0x000000000000-0x0000001df91c : "kernel"
[    0.682910] 0x0000001df91c-0x0000015b0000 : "rootfs"
[    0.693766] mtd: device 5 (rootfs) set to be root filesystem
[    0.706753] 1 squashfs-split partitions found on MTD device rootfs
[    0.719089] 0x000000f20000-0x0000015b0000 : "rootfs_data"
[    0.730862] 0x000001600000-0x000001ff0000 : "fw-new"
[    0.741788] 0x000001ff0000-0x000002000000 : "fw-info"

-------------------------------------------------------------------------------------------------------------------------------------------------------------------
19 Dec 2020:
uint32_t	size_old;
uint32_t	size_new;
uint8_t		update;
uint8_t		hash_old[32];
uint8_t		hash_new[32];
000
publickey	33	(ECC_BYTES+1)
sig_old		64	(ECC_BYTES*2)
sig_new		64	(ECC_BYTES*2)

if(not update): 
		check hash_new with mtd3 firmware:
			hash==?
			sig?

if(update): 
		check hash_new with mtd7 fw-new:
			hash==?
			sig?
		check hash_old with mtd3 firmware??????:
			hash==?
			sig?
		move mtd7 to mtd3;
		update<-0


18 Dec 2020:
	make mtd8 image according to modified include/image.h 
					typedef struct fw_info {
						uint32_t	size_old;
						uint32_t	size_new;
						uint8_t		update;
						uint8_t		hash_old[32];
						uint8_t		hash_new[32];
					} fw_info_t;
	remove all dubug and ecdsa/read/search codes in /lib_mips/board.c (TEST_READ_USB_FILE, TEST_READ_PUBKEYSIG_FROM_MTD8, etc...) and in /lib_mips/mips_linux.c (TEST_EASY_ECC_01, etc... )
	add READ_BYTES_FROM_mtd8_DURING_BOOT in /common/cmd_bootm.c (line193)

	3: System Boot system code via Flash.
fw-info size: 76
fw-info raw: 
00 00 00 00 00 00 00 00 00 65 37 65 62 34 63 64 
32 61 36 31 64 66 31 31 66 61 35 36 62 64 63 62 
32 65 38 37 34 34 66 36 36 65 37 65 62 34 63 64 
32 61 36 31 64 66 31 31 66 61 35 36 62 64 63 62 
32 65 38 37 34 34 66 36 36 00 00 00 

fw-info data: 0 0 0




14 Dec 2020:
solve the USB reading issue:
	sprintf(addr_str_1, "0x%X", CFG_LOAD_ADDR+64)
		(read sig file(64bytes) first, and address CFG_LOAD_ADDR plus 64 bytes, then read pubkey file(33bytes).....)

new firmware with partition patch:

[    0.591259] Creating 6 MTD partitions on "spi0.0":
[    0.600759] 0x000000000000-0x000000030000 : "u-boot"
[    0.611670] 0x000000030000-0x000000040000 : "u-boot-env"
[    0.623304] 0x000000040000-0x000000050000 : "factory"
[    0.634424] 0x000000050000-0x000001600000 : "firmware"
[    0.649015] 2 uimage-fw partitions found on MTD device firmware
[    0.660815] Creating 2 MTD partitions on "firmware":
[    0.670666] 0x000000000000-0x0000001deeed : "kernel"
[    0.681543] 0x0000001deeed-0x0000015b0000 : "rootfs"
[    0.692395] mtd: device 5 (rootfs) set to be root filesystem
[    0.705354] 1 squashfs-split partitions found on MTD device rootfs
[    0.717685] 0x000000f70000-0x0000015b0000 : "rootfs_data"
[    0.729460] 0x000001600000-0x000001ff0000 : "fw-new"
[    0.740383] 0x000001ff0000-0x000002000000 : "fw-info"

dev:    size   erasesize  name
mtd0: 00030000 00010000 "u-boot"
mtd1: 00010000 00010000 "u-boot-env"
mtd2: 00010000 00010000 "factory"
mtd3: 015b0000 00010000 "firmware"
mtd4: 001deeed 00010000 "kernel"
mtd5: 013d1113 00010000 "rootfs"
mtd6: 00640000 00010000 "rootfs_data"
mtd7: 009f0000 00010000 "fw-new"
mtd8: 00010000 00010000 "fw-info"



------------------------------------------------------------------------------------------------------------------------------------------------------------------------------------
12 Dec 2020:
issue: 
	freeze at "Starting kernel" after reading files from USB;
	can only read first 32 bytes of the sig file (64bytes). 
	totally wrong read if cut sig into 2 files... 

uint8_t signature_eg1[] = { 0x04, 0xD9, 0x04, 0x6B, 0xC1, 0x9D, 0xAF, 0xA2, 
	0xEC, 0xF0, 0xA8, 0x14, 0x0B, 0x57, 0xAF, 0xDC, 
	0x90, 0xA5, 0x0B, 0xBB, 0x3B, 0x77, 0xC1, 0xDC, 
	0xC6, 0x44, 0xB2, 0x47, 0xAC, 0x93, 0xCE, 0xB6, 
	0x75, 0x34, 0x37, 0x0E, 0x27, 0x8A, 0xA0, 0xC0, 
	0x45, 0xE9, 0xEE, 0xB0, 0xED, 0xD7, 0x3C, 0x64, 
	0x5B, 0xEF, 0x57, 0x18, 0x95, 0x77, 0x2B, 0x55, 
	0x58, 0x71, 0x5E, 0xF9, 0x10, 0xBE, 0x5F, 0x3D };

sig1 read:
{0x04 , 0xD9 , 0x04 , 0x6B , 0xC1 , 0x9D , 0xAF , 0xA2 , 
0xEC , 0xF0 , 0xA8 , 0x14 , 0x0B , 0x57 , 0xAF , 0xDC , 
0x90 , 0xA5 , 0x0B , 0xBB , 0x3B , 0x77 , 0xC1 , 0xDC , 
0xC6 , 0x44 , 0xB2 , 0x47 , 0xAC , 0x93 , 0xCE , 0xB6 , 
0x0A , 0x03 , 0x00 , 0x10 , 0x00 , 0x00 , 0x00 , 0x00 , 
0x0C , 0x03 , 0x00 , 0x10 , 0x00 , 0x00 , 0x00 , 0x00 , 
0x0A , 0x03 , 0x00 , 0x10 , 0x00 , 0x00 , 0x00 , 0x00 , 
0x08 , 0x03 , 0x00 , 0x10 , 0x00 , 0x00 , 0x00 , 0x00 };

uint8_t signature_eg2[] = { 0x57, 0x7E, 0x82, 0x87, 0x72, 0xB8, 0xC4, 0xD7, 
0x70, 0xC9, 0xEA, 0xD2, 0x13, 0x66, 0x94, 0x95, 
0x63, 0x22, 0xD2, 0x2A, 0x01, 0x59, 0x9C, 0x00, 
0x4F, 0x7C, 0xAB, 0xBB, 0x68, 0xB7, 0x84, 0x59, 
0x01, 0x76, 0x5F, 0x66, 0xFF, 0xA1, 0xF1, 0xEC, 
0xFC, 0x35, 0x00, 0x18, 0x42, 0x9A, 0x46, 0xC9, 
0x30, 0x7B, 0x31, 0x41, 0xAE, 0x9B, 0xFE, 0xC8,
0xC6, 0x9C, 0x20, 0x9F, 0x8F, 0x5A, 0x36, 0xDC };

sig2 read:
{0x57 , 0x7E , 0x82 , 0x87 , 0x72 , 0xB8 , 0xC4 , 0xD7 , 
0x70 , 0xC9 , 0xEA , 0xD2 , 0x13 , 0x66 , 0x94 , 0x95 , 
0x63 , 0x22 , 0xD2 , 0x2A , 0x01 , 0x59 , 0x9C , 0x00 , 
0x4F , 0x7C , 0xAB , 0xBB , 0x68 , 0xB7 , 0x84 , 0x59 , 
0x80 , 0x03 , 0x00 , 0x10 , 0x00 , 0x00 , 0x00 , 0x00 , 
0x0C , 0x03 , 0x00 , 0x10 , 0x00 , 0x00 , 0x00 , 0x00 , 
0x0A , 0x03 , 0x00 , 0x10 , 0x00 , 0x00 , 0x00 , 0x00 , 
0x08 , 0x03 , 0x00 , 0x10 , 0x00 , 0x00 , 0x00 , 0x00 };




U-Boot 1.1.3 (Dec 12 2020 - 20:54:25)

Board: Ralink APSoC DRAM:  128 MB
relocate_code Pointer at: 87f68000
******************************
Software System Reset Occurred
******************************
flash manufacture id: c2, device id 20 19
find flash: MX25L25635E
*** Warning - bad CRC, using default environment

============================================ 
Ralink UBoot Version: 4.3.0.0
-------------------------------------------- 
ASIC 7628_MP (Port5<->None)
DRAM component: 1024 Mbits DDR, width 16
DRAM bus: 16 bit
Total memory: 128 MBytes
Flash component: SPI Flash
Date:Dec 12 2020  Time:20:54:25
============================================ 
icache: sets:512, ways:4, linesz:32 ,total:65536
dcache: sets:256, ways:4, linesz:32 ,total:32768 

 ##### The CPU freq = 580 MHZ #### 
 estimate memory size =128 Mbytes
RESET MT7628 PHY!!!!!!
GPIOMODE --> 50054404

GPIOMODE2 --> 5540551

Please choose the operation: 
   1: Load system code to SDRAM via TFTP. 
   2: Load system code then write to Flash via TFTP. 
   3: Boot system code via Flash (default).
   4: Entr boot command line interface.
   7: Load Boot Loader code then write to Flash via Serial. 
   9: Load Boot Loader code then write to Flash via TFTP.                                                    0 
(Re)start USB...
USB0:   *********ehci_hcd_init**********
Mediatek/Ralink USB EHCI host init hccr b01c0000 and hcor b01c0010 hc_length 16
 6. u2phydcr0(0xb0120860)=0x00aaaa02
 FM_OUT value: u4FmOut = 126(0x0000007E)
 FM detection done! loop = 0
 SR calibration value u1SrCalVal = 7


Register 1111 NbrPorts 1
USB EHCI 1.00
scanning bus 0 for devices... 4 USB Device(s) found
       scanning bus for storage devices... Device NOT ready
   Request Sense returned 00 3A 00
2 Storage Device(s) found
reading publickey1.file



.



.


.


3 bytes read
Find publickey1.file
stopping USB..
   
3: System Boot system code via Flash.
## Booting image at bc050000 ...
   Image Name:   MIPS OpenWrt Linux-5.4.82
   Image Type:   MIPS Linux Kernel Image (lzma compressed)
   Data Size:    1961612 Bytes =  1.9 MB
   Load Address: 80000000
   Entry Point:  80000000
   Verifying Checksum ... OK
   Uncompressing Kernel Image ... OK
No initrd
## Transferring control to Linux (at address 80000000) ...
## Giving linux memsize in MB, 0

Starting kernel ...

[04020C0D][04020D07]
DDR Calibration DQS reg = 00008887


U-Boot 1.1.3 (Dec 12 2020 - 20:54:25)

Board: Ralink APSoC DRAM:  128 MB
relocate_code Pointer at: 87f68000
flash manufacture id: c2, device id 20 19
find flash: MX25L25635E
*** Warning - bad CRC, using default environment

============================================ 
Ralink UBoot Version: 4.3.0.0
-------------------------------------------- 
ASIC 7628_MP (Port5<->None)
DRAM component: 1024 Mbits DDR, width 16
DRAM bus: 16 bit
Total memory: 128 MBytes
Flash component: SPI Flash
Date:Dec 12 2020  Time:20:54:25
============================================ 
icache: sets:512, ways:4, linesz:32 ,total:65536
dcache: sets:256, ways:4, linesz:32 ,total:32768 

 ##### The CPU freq = 580 MHZ #### 
 estimate memory size =128 Mbytes
RESET MT7628 PHY!!!!!!
GPIOMODE --> 50054404

GPIOMODE2 --> 5540551

Please choose the operation: 
   1: Load system code to SDRAM via TFTP. 
   2: Load system code then write to Flash via TFTP. 
   3: Boot system code via Flash (default).
   4: Entr boot command line interface.
   7: Load Boot Loader code then write to Flash via Serial. 
   9: Load Boot Loader code then write to Flash via TFTP.                                                    0 
(Re)start USB...
USB0:   *********ehci_hcd_init**********
Mediatek/Ralink USB EHCI host init hccr b01c0000 and hcor b01c0010 hc_length 16
 6. u2phydcr0(0xb0120860)=0x00aaaa02
 FM_OUT value: u4FmOut = 0(0x00000000)
 FM_OUT value: u4FmOut = 128(0x00000080)
 FM detection done! loop = 1
 SR calibration value u1SrCalVal = 6


Register 1111 NbrPorts 1
USB EHCI 1.00
scanning bus 0 for devices... 3 USB Device(s) found
       scanning bus for storage devices... Device NOT ready
   Request Sense returned 00 3A 00
1 Storage Device(s) found
Device NOT ready
   Request Sense returned 00 3A 00

** Unable to use usb 0:1 for fatload **
Could not find publickey1.file
stopping USB..
   
3: System Boot system code via Flash.
## Booting image at bc050000 ...
   Image Name:   MIPS OpenWrt Linux-5.4.82
   Image Type:   MIPS Linux Kernel Image (lzma compressed)
   Data Size:    1961612 Bytes =  1.9 MB
   Load Address: 80000000
   Entry Point:  80000000
   Verifying Checksum ... OK
   Uncompressing Kernel Image ... OK
No initrd
## Transferring control to Linux (at address 80000000) ...
## Giving linux memsize in MB, 128

Starting kernel ...

[    0.000000] Linux version 5.4.82 (qwer@qwer) (gcc version 8.4.0 (OpenWrt GCC 8.4.0 r14574-96023cd4ba)) #0 Thu Dec 10 19:33:51 2020




---------------------------------------------------------------------------------------------------------------------------------------------------------------------------------------------------
Dec 5, 2020

binwalk firmware from openwrt src:
DECIMAL       HEXADECIMAL     DESCRIPTION
--------------------------------------------------------------------------------
0             0x0             uImage header, header size: 64 bytes, header CRC: 0xBF4ACC07, created: 2020-10-22 14:13:38, image size: 1961554 bytes, Data Address: 0x80000000, Entry Point: 0x80000000, data CRC: 0x8579A9CF, OS: Linux, CPU: MIPS, image type: OS Kernel Image, compression type: lzma, image name: "MIPS OpenWrt Linux-5.4.72"
64            0x40            LZMA compressed data, properties: 0x6D, dictionary size: 8388608 bytes, uncompressed size: 6178878 bytes
1961618       0x1DEE92        Squashfs filesystem, little endian, version 4.0, compression:xz, size: 14051022 bytes, 1650 inodes, blocksize: 262144 bytes, created: 2020-10-22 14:13:38


binwalk firmware from "dd if=/dev/mtd3 of=/tmp/current_fw.bin"
DECIMAL       HEXADECIMAL     DESCRIPTION
--------------------------------------------------------------------------------
0             0x0             uImage header, header size: 64 bytes, header CRC: 0xBF4ACC07, created: 2020-10-22 14:13:38, image size: 1961554 bytes, Data Address: 0x80000000, Entry Point: 0x80000000, data CRC: 0x8579A9CF, OS: Linux, CPU: MIPS, image type: OS Kernel Image, compression type: lzma, image name: "MIPS OpenWrt Linux-5.4.72"
64            0x40            LZMA compressed data, properties: 0x6D, dictionary size: 8388608 bytes, uncompressed size: 6178878 bytes
1961618       0x1DEE92        Squashfs filesystem, little endian, version 4.0, compression:xz, size: 14051022 bytes, 1650 inodes, blocksize: 262144 bytes, created: 2020-10-22 14:13:38
16056320      0xF50000        JFFS2 filesystem, little endian

----
firmware:
	header
		for uboot (MediaTek,Qualcomm): 0x27051956
	kernel
	rootfs
		squashfs
			hsqs...
	add-on (optional)
---- refer to image.h: (used in cmd_bootm.c)
#define IH_MAGIC	0x27051956	/* Image Magic Number		*/
#define IH_NMLEN		32	/* Image Name Length		*/

typedef struct image_header {
	uint32_t	ih_magic;	/* Image Header Magic Number	*/
	uint32_t	ih_hcrc;	/* Image Header CRC Checksum	*/
	uint32_t	ih_time;	/* Image Creation Timestamp	*/
	uint32_t	ih_size;	/* Image Data Size		*/
	uint32_t	ih_load;	/* Data	 Load  Address		*/
	uint32_t	ih_ep;		/* Entry Point Address		*/
	uint32_t	ih_dcrc;	/* Image Data CRC Checksum	*/
	uint8_t		ih_os;		/* Operating System		*/
	uint8_t		ih_arch;	/* CPU architecture		*/
	uint8_t		ih_type;	/* Image Type			*/
	uint8_t		ih_comp;	/* Compression Type		*/
	uint8_t		ih_name[IH_NMLEN];	/* Image Name		*/
} image_header_t;

modify cmd_bootm.c line 1318 and add something into the header for test: 
		Verifying Checksum ... Bad Data CRC



--------------------------------------------------------------------------------------------------------------
Nov 28, 2020

change the form of known keys by https://gchq.github.io/CyberChef/#recipe=PEM_to_Hex()Parse_ASN.1_hex_string(0,33) ,
	private key: from PEM to octet string in 32 bytes;
	public key: generated from 32 bytes by provided easy_ecc function (in easy_ecc_main.c)
	eg: 
		PrivKey: "MHcCAQEEICfrz3CsrsscS9h04p4Tt7JYuUmMvb0a/bLAE99lj8y5oAoGCCqGSM49AwEHoUQDQgAEaMDIHXKFZyLgNzintGwRYoXBo6hQ7vyEpudHeB8iHQr9n1fffwkJP3nIBm5TD9XEUjk72rAZEbylkSJOekTW0A==",
		PubKey:  "MFkwEwYHKoZIzj0CAQYIKoZIzj0DAQcDQgAEaMDIHXKFZyLgNzintGwRYoXBo6hQ7vyEpudHeB8iHQr9n1fffwkJP3nIBm5TD9XEUjk72rAZEbylkSJOekTW0A==",
		-------------------------->>>>>>>>>>>>>>>>>>>>>>>>
		SEQUENCE
		  INTEGER 01..(total 1bytes)..01
		  OCTETSTRING 27ebcf70acaecb1c4bd874e29e13b7b258b9498cbdbd1afdb2c013df658fccb9..(total 32bytes)..27ebcf70acaecb1c4bd874e29e13b7b258b9498cbdbd1afdb2c013df658fccb9
		  [0]
		    ObjectIdentifier secp256r1 (1 2 840 10045 3 1 7)
		  [1]
		    BITSTRING 000468c0c81d72856722e03738a7b46c116285c1a3a850eefc84a6e747781f221d0afd9f57df7f09093f79c8066e530fd5c452393bdab01911bca591224e7a44d6d0..(total 66bytes)..000468c0c81d72856722e03738a7b46c116285c1a3a850eefc84a6e747781f221d0afd9f57df7f09093f79c8066e530fd5c452393bdab01911bca591224e7a44d6d0
		
		SEQUENCE
		  SEQUENCE
		    ObjectIdentifier ecPublicKey (1 2 840 10045 2 1)
		    ObjectIdentifier secp256r1 (1 2 840 10045 3 1 7)
		  BITSTRING 
		000468c0c81d72856722e03738a7b46c116285c1a3a850eefc84a6e747781f221d0afd9f57df7f09093f79c8066e530fd5c452393bdab01911bca591224e7a44d6d0..(total 66bytes)..000468c0c81d72856722e03738a7b46c116285c1a3a850eefc84a6e747781f221d0afd9f57df7f09093f79c8066e530fd5c452393bdab01911bca591224e7a44d6d0
		-------------------------->>>>>>>>>>>>>>>>>>>>>>>>
		    68c0c81d72856722e03738a7b46c116285c1a3a850eefc84a6e747781f221d0a
		uint8_t privatekey_example1[] = { 0x27,0xeb,0xcf,0x70,0xac,0xae,0xcb,0x1c,
										0x4b,0xd8,0x74,0xe2,0x9e,0x13,0xb7,0xb2,
										0x58,0xb9,0x49,0x8c,0xbd,0xbd,0x1a,0xfd,
										0xb2,0xc0,0x13,0xdf,0x65,0x8f,0xcc,0xb9 };

		uint8_t publickey_example1[] = { 0x02, 0x68, 0xC0, 0xC8, 0x1D, 0x72, 0x85, 0x67,
										0x22, 0xE0, 0x37, 0x38, 0xA7, 0xB4, 0x6C, 0x11,
										0x62, 0x85, 0xC1, 0xA3, 0xA8, 0x50, 0xEE, 0xFC,
										0x84, 0xA6, 0xE7, 0x47, 0x78, 0x1F, 0x22, 0x1D,
										0x0A };
		                 (BITSTRING0004)   68 c0 c8 1d 72 85 67 
										22 e0 37 38 a7 b4 6c 11 
										62 85 c1 a3 a8 50 ee fc 
										84 a6 e7 47 78 1f 22 1d
										0a 
						p_publicKey[0] = 2 + (l_public1.y[0] & 0x01);

issues:
	most lightweight ecdsa I found do not support keys in PEM form, therefore form/type transformation (PEM to byte array) in advance is needed.
	buildroot gcc342 does not support openssl_1.1.1, and there are lots of errors when compiling this uboot codes by the latest buildroot gcc. if buildroot gcc compiler supports openssl, openssl can be used directly.

--------------------------------------------------------------------------------------------------------------
copy include files from uboot source codes (https://gitlab.denx.de/u-boot/u-boot) to /include

copy include/bits, include/sys, and ctype.h, endian.h, fcntl.h, features.h, stddef.h, unistd.h from buildroot_gcc342 include to /include

easy-ecc: https://github.com/jestan/easy-ecc

ecdsa with openssl is not used.

NOTE: stdio.h cannot be used while uboot compiling 